INFO:aiogram.dispatcher:Start polling
INFO:aiogram.dispatcher:Run polling for bot @ClashofCrypto_bot id=7743419348 - 'Clash of Crypto'
INFO:aiogram.event:Update id=89033403 is handled. Duration 401 ms by bot id=7743419348
INFO:aiogram.event:Update id=89033402 is handled. Duration 437 ms by bot id=7743419348
INFO:aiogram.event:Update id=89033404 is handled. Duration 465 ms by bot id=7743419348
INFO:aiogram.event:Update id=89033405 is handled. Duration 498 ms by bot id=7743419348
INFO:aiogram.event:Update id=89033407 is handled. Duration 545 ms by bot id=7743419348
INFO:aiogram.event:Update id=89033406 is handled. Duration 577 ms by bot id=7743419348
ERROR:aiogram.dispatcher:Failed to fetch updates - TelegramConflictError: Telegram server says - Conflict: terminated by other getUpdates request; make sure that only one bot instance is running
WARNING:aiogram.dispatcher:Sleep for 1.000000 seconds and try again... (tryings = 0, bot id = 7743419348)
ERROR:aiogram.dispatcher:Failed to fetch updates - TelegramConflictError: Telegram server says - Conflict: terminated by other getUpdates request; make sure that only one bot instance is running
WARNING:aiogram.dispatcher:Sleep for 1.430694 seconds and try again... (tryings = 1, bot id = 7743419348)
ERROR:aiogram.dispatcher:Failed to fetch updates - TelegramConflictError: Telegram server says - Conflict: terminated by other getUpdates request; make sure that only one bot instance is running
WARNING:aiogram.dispatcher:Sleep for 1.922319 seconds and try again... (tryings = 2, bot id = 7743419348)
ERROR:aiogram.dispatcher:Failed to fetch updates - TelegramConflictError: Telegram server says - Conflict: terminated by other getUpdates request; make sure that only one bot instance is running
WARNING:aiogram.dispatcher:Sleep for 2.523511 seconds and try again... (tryings = 3, bot id = 7743419348)
ERROR:aiogram.dispatcher:Failed to fetch updates - TelegramConflictError: Telegram server says - Conflict: terminated by other getUpdates request; make sure that only one bot instance is running
WARNING:aiogram.dispatcher:Sleep for 3.258148 seconds and try again... (tryings = 4, bot id = 7743419348)
ERROR:aiogram.dispatcher:Failed to fetch updates - TelegramConflictError: Telegram server says - Conflict: terminated by other getUpdates request; make sure that only one bot instance is running
WARNING:aiogram.dispatcher:Sleep for 4.088845 seconds and try again... (tryings = 5, bot id = 7743419348)
ERROR:aiogram.dispatcher:Failed to fetch updates - TelegramConflictError: Telegram server says - Conflict: terminated by other getUpdates request; make sure that only one bot instance is running
WARNING:aiogram.dispatcher:Sleep for 4.934751 seconds and try again... (tryings = 6, bot id = 7743419348)
ERROR:aiogram.dispatcher:Failed to fetch updates - TelegramConflictError: Telegram server says - Conflict: terminated by other getUpdates request; make sure that only one bot instance is running
WARNING:aiogram.dispatcher:Sleep for 5.092815 seconds and try again... (tryings = 7, bot id = 7743419348)
ERROR:aiogram.dispatcher:Failed to fetch updates - TelegramConflictError: Telegram server says - Conflict: terminated by other getUpdates request; make sure that only one bot instance is running
WARNING:aiogram.dispatcher:Sleep for 4.956904 seconds and try again... (tryings = 8, bot id = 7743419348)
ERROR:aiogram.dispatcher:Failed to fetch updates - TelegramConflictError: Telegram server says - Conflict: terminated by other getUpdates request; make sure that only one bot instance is running
WARNING:aiogram.dispatcher:Sleep for 4.837262 seconds and try again... (tryings = 9, bot id = 7743419348)
ERROR:aiogram.dispatcher:Failed to fetch updates - TelegramConflictError: Telegram server says - Conflict: terminated by other getUpdates request; make sure that only one bot instance is running
WARNING:aiogram.dispatcher:Sleep for 5.046232 seconds and try again... (tryings = 10, bot id = 7743419348)
ERROR:aiogram.dispatcher:Failed to fetch updates - TelegramConflictError: Telegram server says - Conflict: terminated by other getUpdates request; make sure that only one bot instance is running
WARNING:aiogram.dispatcher:Sleep for 5.132175 seconds and try again... (tryings = 11, bot id = 7743419348)
ERROR:aiogram.dispatcher:Failed to fetch updates - TelegramConflictError: Telegram server says - Conflict: terminated by other getUpdates request; make sure that only one bot instance is running
WARNING:aiogram.dispatcher:Sleep for 5.074701 seconds and try again... (tryings = 12, bot id = 7743419348)
INFO:aiogram.dispatcher:Connection established (tryings = 13, bot id = 7743419348)
WARNING:aiogram.dispatcher:Received SIGTERM signal
INFO:aiogram.dispatcher:Polling stopped for bot @ClashofCrypto_bot id=7743419348 - 'Clash of Crypto'
INFO:aiogram.dispatcher:Polling stopped
Starting bot @ClashofCrypto_bot...
